2024-02-02 18:46:14,708 - ERROR - Unexpected error: Simulating an error during predesigned URL creation in unit-test
2024-02-02 18:50:18,687 - ERROR - Unexpected error: Simulating an error during predesigned URL creation in unit-test
2024-02-02 18:51:20,596 - ERROR - Unexpected error: Simulating an error during predesigned URL creation in unit-test
2024-02-02 18:51:32,526 - ERROR - Unexpected error: Simulating an error during predesigned URL creation in unit-test
2024-02-02 18:52:25,120 - ERROR - Unexpected error: Simulating an error during predesigned URL creation in unit-test
2024-02-02 18:57:01,157 - ERROR - Unexpected error: Simulating an error during predesigned URL creation in unit-test
2024-02-02 19:00:59,642 - ERROR - Unexpected error: Simulating an error during predesigned URL creation in unit-test
2024-02-02 19:03:27,899 - ERROR - Unexpected error: Simulating an error during predesigned URL creation in unit-test
2024-02-02 19:43:28,924 - ERROR - Unexpected error: Simulating an error during predesigned URL creation in unit-test
2024-02-02 19:48:54,454 - ERROR - Unexpected error: Simulating an error during predesigned URL creation in unit-test
2024-02-02 19:51:59,275 - ERROR - Unexpected error: Simulating an error during predesigned URL creation in unit-test
2024-02-02 19:53:22,895 - ERROR - Unexpected error: Simulating an error during predesigned URL creation in unit-test
2024-02-02 19:53:39,346 - ERROR - Unexpected error: Simulating an error during predesigned URL creation in unit-test
2024-02-02 19:53:48,034 - ERROR - Unexpected error: Simulating an error during predesigned URL creation in unit-test
2024-02-02 20:00:57,212 - ERROR - Unexpected error: Simulating an error during predesigned URL creation in unit-test
2024-02-02 20:03:09,477 - ERROR - Unexpected error: Simulating an error during predesigned URL creation in unit-test
2024-02-02 20:04:11,358 - ERROR - Unexpected error: Simulating an error during predesigned URL creation in unit-test
2024-02-02 20:04:34,170 - ERROR - Unexpected error: Simulating an error during predesigned URL creation in unit-test
